Analyzing purchases_purchase_receives_create.dart...            

warning - The value of the local variable 'isActive' isn't used - lib\modules\purchases\purchase_receives\presentation\purchases_purchase_receives_create.dart:1808:11 - unused_local_variable
warning - The declaration '_adjustRowQuantity' isn't referenced - lib\modules\purchases\purchase_receives\presentation\purchases_purchase_receives_create.dart:1876:8 - unused_element
warning - The declaration '_buildInlineBatchSection' isn't referenced - lib\modules\purchases\purchase_receives\presentation\purchases_purchase_receives_create.dart:2035:10 - unused_element
warning - The declaration '_buildQtyControl' isn't referenced - lib\modules\purchases\purchase_receives\presentation\purchases_purchase_receives_create.dart:2070:10 - unused_element
warning - The declaration '_qtyStepButton' isn't referenced - lib\modules\purchases\purchase_receives\presentation\purchases_purchase_receives_create.dart:2181:10 - unused_element
warning - The value of the local variable 'hasBatches' isn't used - lib\modules\purchases\purchase_receives\presentation\purchases_purchase_receives_create.dart:2262:11 - unused_local_variable
  error - The property 'isEmpty' can't be unconditionally accessed because the receiver can be 'null' - lib\modules\purchases\purchase_receives\presentation\purchases_purchase_receives_create.dart:2411:36 - unchecked_use_of_nullable_value
  error - The named parameter 'decoration' isn't defined - lib\modules\purchases\purchase_receives\presentation\purchases_purchase_receives_create.dart:2476:35 - undefined_named_parameter
  error - Undefined name 'batch' - lib\modules\purchases\purchase_receives\presentation\purchases_purchase_receives_create.dart:2488:60 - undefined_identifier
  error - Undefined name 'batch' - lib\modules\purchases\purchase_receives\presentation\purchases_purchase_receives_create.dart:2490:57 - undefined_identifier
  error - Undefined name 'batch' - lib\modules\purchases\purchase_receives\presentation\purchases_purchase_receives_create.dart:2492:43 - undefined_identifier
  error - Undefined name 'batch' - lib\modules\purchases\purchase_receives\presentation\purchases_purchase_receives_create.dart:2494:59 - undefined_identifier
  error - Undefined name 'batch' - lib\modules\purchases\purchase_receives\presentation\purchases_purchase_receives_create.dart:2496:59 - undefined_identifier
  error - Undefined name 'batch' - lib\modules\purchases\purchase_receives\presentation\purchases_purchase_receives_create.dart:2497:58 - undefined_identifier
  error - Undefined name 'batch' - lib\modules\purchases\purchase_receives\presentation\purchases_purchase_receives_create.dart:2498:61 - undefined_identifier
  error - Undefined name 'batch' - lib\modules\purchases\purchase_receives\presentation\purchases_purchase_receives_create.dart:2500:49 - undefined_identifier
  error - Undefined name 'batch' - lib\modules\purchases\purchase_receives\presentation\purchases_purchase_receives_create.dart:2500:108 - undefined_identifier
  error - Expected to find ']' - lib\modules\purchases\purchase_receives\presentation\purchases_purchase_receives_create.dart:2505:31 - expected_token
  error - Expected to find ')' - lib\modules\purchases\purchase_receives\presentation\purchases_purchase_receives_create.dart:2505:32 - expected_token
  error - The method 'toList' isn't defined for the type 'IntrinsicHeight' - lib\modules\purchases\purchase_receives\presentation\purchases_purchase_receives_create.dart:2506:32 - undefined_method
  error - Expected to find ';' - lib\modules\purchases\purchase_receives\presentation\purchases_purchase_receives_create.dart:2507:27 - expected_token
warning - Dead code - lib\modules\purchases\purchase_receives\presentation\purchases_purchase_receives_create.dart:2507:28 - dead_code
  error - Expected an identifier - lib\modules\purchases\purchase_receives\presentation\purchases_purchase_receives_create.dart:2507:28 - missing_identifier
  error - Expected to find ';' - lib\modules\purchases\purchase_receives\presentation\purchases_purchase_receives_create.dart:2507:28 - expected_token
  error - Unexpected text ';' - lib\modules\purchases\purchase_receives\presentation\purchases_purchase_receives_create.dart:2507:28 - unexpected_token
  error - Expected an identifier - lib\modules\purchases\purchase_receives\presentation\purchases_purchase_receives_create.dart:2508:25 - missing_identifier
  error - Expected to find ';' - lib\modules\purchases\purchase_receives\presentation\purchases_purchase_receives_create.dart:2508:25 - expected_token
  error - Unexpected text ';' - lib\modules\purchases\purchase_receives\presentation\purchases_purchase_receives_create.dart:2508:25 - unexpected_token
  error - Expected an identifier - lib\modules\purchases\purchase_receives\presentation\purchases_purchase_receives_create.dart:2508:26 - missing_identifier
  error - Expected to find ';' - lib\modules\purchases\purchase_receives\presentation\purchases_purchase_receives_create.dart:2508:26 - expected_token
  error - Unexpected text ';' - lib\modules\purchases\purchase_receives\presentation\purchases_purchase_receives_create.dart:2508:26 - unexpected_token
  error - Expected an identifier - lib\modules\purchases\purchase_receives\presentation\purchases_purchase_receives_create.dart:2509:23 - missing_identifier
  error - Expected to find ';' - lib\modules\purchases\purchase_receives\presentation\purchases_purchase_receives_create.dart:2509:23 - expected_token
  error - Unexpected text ';' - lib\modules\purchases\purchase_receives\presentation\purchases_purchase_receives_create.dart:2509:23 - unexpected_token
  error - Expected an identifier - lib\modules\purchases\purchase_receives\presentation\purchases_purchase_receives_create.dart:2509:24 - missing_identifier
  error - Expected to find ';' - lib\modules\purchases\purchase_receives\presentation\purchases_purchase_receives_create.dart:2509:24 - expected_token
  error - Unexpected text ';' - lib\modules\purchases\purchase_receives\presentation\purchases_purchase_receives_create.dart:2509:24 - unexpected_token
  error - Expected an identifier - lib\modules\purchases\purchase_receives\presentation\purchases_purchase_receives_create.dart:2510:19 - missing_identifier
  error - Expected to find ';' - lib\modules\purchases\purchase_receives\presentation\purchases_purchase_receives_create.dart:2510:19 - expected_token
  error - Unexpected text ';' - lib\modules\purchases\purchase_receives\presentation\purchases_purchase_receives_create.dart:2510:19 - unexpected_token
  error - Expected an identifier - lib\modules\purchases\purchase_receives\presentation\purchases_purchase_receives_create.dart:2510:20 - missing_identifier
  error - Expected to find ';' - lib\modules\purchases\purchase_receives\presentation\purchases_purchase_receives_create.dart:2510:20 - expected_token
  error - Unexpected text ';' - lib\modules\purchases\purchase_receives\presentation\purchases_purchase_receives_create.dart:2510:20 - unexpected_token
  error - Expected an identifier - lib\modules\purchases\purchase_receives\presentation\purchases_purchase_receives_create.dart:2511:17 - missing_identifier
  error - Expected to find ';' - lib\modules\purchases\purchase_receives\presentation\purchases_purchase_receives_create.dart:2511:17 - expected_token
  error - Unexpected text ';' - lib\modules\purchases\purchase_receives\presentation\purchases_purchase_receives_create.dart:2511:17 - unexpected_token
  error - Expected an identifier - lib\modules\purchases\purchase_receives\presentation\purchases_purchase_receives_create.dart:2511:18 - missing_identifier
  error - Expected to find ';' - lib\modules\purchases\purchase_receives\presentation\purchases_purchase_receives_create.dart:2511:18 - expected_token
  error - Unexpected text ';' - lib\modules\purchases\purchase_receives\presentation\purchases_purchase_receives_create.dart:2511:18 - unexpected_token
  error - Expected an identifier - lib\modules\purchases\purchase_receives\presentation\purchases_purchase_receives_create.dart:2512:15 - missing_identifier
  error - Expected to find ';' - lib\modules\purchases\purchase_receives\presentation\purchases_purchase_receives_create.dart:2512:15 - expected_token
  error - Unexpected text ';' - lib\modules\purchases\purchase_receives\presentation\purchases_purchase_receives_create.dart:2512:15 - unexpected_token
  error - Expected an identifier - lib\modules\purchases\purchase_receives\presentation\purchases_purchase_receives_create.dart:2512:16 - missing_identifier
  error - Expected to find ';' - lib\modules\purchases\purchase_receives\presentation\purchases_purchase_receives_create.dart:2512:16 - expected_token
  error - Unexpected text ';' - lib\modules\purchases\purchase_receives\presentation\purchases_purchase_receives_create.dart:2512:16 - unexpected_token
  error - Expected an identifier - lib\modules\purchases\purchase_receives\presentation\purchases_purchase_receives_create.dart:2513:13 - missing_identifier
  error - Expected to find ';' - lib\modules\purchases\purchase_receives\presentation\purchases_purchase_receives_create.dart:2513:13 - expected_token
  error - Unexpected text ';' - lib\modules\purchases\purchase_receives\presentation\purchases_purchase_receives_create.dart:2513:13 - unexpected_token
  error - Expected an identifier - lib\modules\purchases\purchase_receives\presentation\purchases_purchase_receives_create.dart:2513:14 - missing_identifier
  error - Unexpected text ';' - lib\modules\purchases\purchase_receives\presentation\purchases_purchase_receives_create.dart:2513:14 - unexpected_token
  error - Expected to find ';' - lib\modules\purchases\purchase_receives\presentation\purchases_purchase_receives_create.dart:2530:13 - expected_token
  error - Expected an identifier - lib\modules\purchases\purchase_receives\presentation\purchases_purchase_receives_create.dart:2530:14 - missing_identifier
  error - Expected to find ';' - lib\modules\purchases\purchase_receives\presentation\purchases_purchase_receives_create.dart:2530:14 - expected_token
  error - Unexpected text ';' - lib\modules\purchases\purchase_receives\presentation\purchases_purchase_receives_create.dart:2530:14 - unexpected_token
  error - Expected an identifier - lib\modules\purchases\purchase_receives\presentation\purchases_purchase_receives_create.dart:2531:11 - missing_identifier
  error - Expected to find ';' - lib\modules\purchases\purchase_receives\presentation\purchases_purchase_receives_create.dart:2531:11 - expected_token
  error - Unexpected text ';' - lib\modules\purchases\purchase_receives\presentation\purchases_purchase_receives_create.dart:2531:11 - unexpected_token
  error - Expected an identifier - lib\modules\purchases\purchase_receives\presentation\purchases_purchase_receives_create.dart:2531:12 - missing_identifier
  error - Expected to find ';' - lib\modules\purchases\purchase_receives\presentation\purchases_purchase_receives_create.dart:2531:12 - expected_token
  error - Unexpected text ';' - lib\modules\purchases\purchase_receives\presentation\purchases_purchase_receives_create.dart:2531:12 - unexpected_token
  error - Expected an identifier - lib\modules\purchases\purchase_receives\presentation\purchases_purchase_receives_create.dart:2532:9 - missing_identifier
  error - Expected to find ';' - lib\modules\purchases\purchase_receives\presentation\purchases_purchase_receives_create.dart:2532:9 - expected_token
  error - Unexpected text ';' - lib\modules\purchases\purchase_receives\presentation\purchases_purchase_receives_create.dart:2532:9 - unexpected_token
  error - Expected an identifier - lib\modules\purchases\purchase_receives\presentation\purchases_purchase_receives_create.dart:2532:10 - missing_identifier
  error - Expected to find ';' - lib\modules\purchases\purchase_receives\presentation\purchases_purchase_receives_create.dart:2532:10 - expected_token
  error - Unexpected text ';' - lib\modules\purchases\purchase_receives\presentation\purchases_purchase_receives_create.dart:2532:10 - unexpected_token
  error - Expected an identifier - lib\modules\purchases\purchase_receives\presentation\purchases_purchase_receives_create.dart:2533:7 - missing_identifier
  error - Expected to find ';' - lib\modules\purchases\purchase_receives\presentation\purchases_purchase_receives_create.dart:2533:7 - expected_token
  error - Unexpected text ';' - lib\modules\purchases\purchase_receives\presentation\purchases_purchase_receives_create.dart:2533:7 - unexpected_token
  error - Expected an identifier - lib\modules\purchases\purchase_receives\presentation\purchases_purchase_receives_create.dart:2533:8 - missing_identifier
  error - Expected to find ';' - lib\modules\purchases\purchase_receives\presentation\purchases_purchase_receives_create.dart:2533:8 - expected_token
  error - Unexpected text ';' - lib\modules\purchases\purchase_receives\presentation\purchases_purchase_receives_create.dart:2533:8 - unexpected_token
  error - Expected an identifier - lib\modules\purchases\purchase_receives\presentation\purchases_purchase_receives_create.dart:2534:5 - missing_identifier
  error - Unexpected text ';' - lib\modules\purchases\purchase_receives\presentation\purchases_purchase_receives_create.dart:2534:5 - unexpected_token

